��N e e d   t o   i n s t a l l   t h e   f o l l o w i n g   p a c k a g e s :  
 t s c @ 2 . 0 . 4  
 